TEST LANGUAGE SWITCHER - HOMEPAGE
=====================================

✅ Language switcher terlihat di navbar (kanan atas)
✅ Tombol "🇮🇩 ID" (index 7) - untuk bahasa Indonesia
✅ Tombol "🇬🇧 EN" (index 8) - untuk bahasa English
✅ Navbar menu items terlihat normal:
   - Home
   - About
   - Program
   - News
   - Report

Status: Language switcher berhasil ditambahkan ke navbar!

TEST LANGUAGE SWITCHER - AFTER TRANSLATIONS
============================================

✅ Language switcher terlihat di navbar (kanan atas)
✅ Tombol "🇮🇩 ID" (index 7) - untuk bahasa Indonesia
✅ Tombol "🇬🇧 EN" (index 8) - untuk bahasa English
✅ Navbar menu items SUDAH DALAM ENGLISH (default):
   - Home (bukan Beranda)
   - About Us (bukan Tentang Kami)
   - Programs (bukan Program)
   - News (bukan Berita)
   - Reports (bukan Laporan)

Status: Language switcher berhasil dan navbar sudah menampilkan teks English!
Sekarang test klik tombol ID untuk switch ke Indonesia...

TEST LANGUAGE SWITCHER - SWITCH KE INDONESIA
=============================================

✅ Klik tombol ID berhasil!
✅ Navbar menu items BERUBAH KE BAHASA INDONESIA:
   - Beranda (dari Home)
   - Tentang Kami (dari About Us)
   - Program (dari Programs)
   - Berita (dari News)
   - Laporan (dari Reports)

✅ Tombol ID sekarang aktif (background purple)
✅ Tombol EN tidak aktif (background gray)

Status: Language switcher berfungsi dengan sempurna! ✅
Sekarang test navigasi ke halaman lain untuk memastikan language persist...

TEST LANGUAGE SWITCHER - PERSISTENCE ACROSS PAGES
==================================================

✅ Navigasi ke halaman Tentang Kami berhasil!
✅ Language setting PERSIST (tetap bahasa Indonesia):
   - Navbar menu masih dalam bahasa Indonesia
   - Tombol ID masih aktif (background purple)
   - Halaman title: "Tentang Kami" (bukan "About Us")

Status: Language switcher berfungsi dengan sempurna dan persist across pages! ✅
Sekarang test switch ke English di halaman ini...

TEST LANGUAGE SWITCHER - SWITCH TO ENGLISH ON ABOUT PAGE
=========================================================

✅ Klik tombol EN berhasil!
✅ Navbar menu BERUBAH KE BAHASA ENGLISH:
   - Home (dari Beranda)
   - About Us (dari Tentang Kami)
   - Programs (dari Program)
   - News (dari Berita)
   - Reports (dari Laporan)

✅ Tombol EN sekarang aktif (background purple)
✅ Tombol ID tidak aktif (background gray)

CATATAN: Konten halaman Tentang masih dalam bahasa Indonesia karena konten halaman belum ditranslate (hanya navbar yang ditranslate untuk sekarang).

Status: Language switcher berfungsi dengan sempurna di semua halaman! ✅
Sekarang test admin panel untuk memastikan tidak ada bug...

TEST ADMIN PANEL - LOGIN AND DASHBOARD
=======================================

✅ Login berhasil dengan credentials default (admin / drwfoundation2024)
✅ Admin dashboard tampil dengan baik
✅ Statistik terlihat:
   - Total Artikel: 85
   - Total Program: 17
   - Total Halaman: 5

✅ Quick Actions tersedia:
   - Artikel Baru
   - Edit Artikel
   - Program Baru
   - Edit Program
   - Edit Laporan
   - Edit Tentang

Status: Admin panel berfungsi dengan baik! ✅
Sekarang test create artikel dengan dual language...

TEST ADMIN PANEL - CREATE ARTIKEL WITH DUAL LANGUAGE
=====================================================

✅ Halaman Artikel Baru tampil dengan baik
✅ Dual language tabs terlihat:
   - 🇮🇩 Bahasa Indonesia (aktif/default)
   - 🇬🇧 English

✅ Form fields tersedia:
   - Tanggal Publikasi (date picker)
   - Judul Artikel (Indonesia)
   - Ringkasan (Excerpt)
   - TipTap editor dengan toolbar lengkap

✅ TipTap toolbar buttons:
   - Bold, Italic, Strikethrough
   - Heading 1, 2, 3
   - Bullet List, Numbered List
   - Blockquote
   - Upload Image, Insert Image URL
   - Insert Link
   - Undo, Redo

Status: Admin panel untuk create artikel dengan dual language berfungsi dengan baik! ✅
Sekarang test klik tab English untuk memastikan bisa input konten English...
